[13:16:23] [main/INFO] (FabricLoader/GameProvider) Loading Minecraft 1.21.11 with Fabric Loader 0.18.2
[13:16:23] [main/INFO] (FabricLoader) Loading 48 mods:
	- fabric-api 0.139.5+1.21.11
	- fabric-api-base 1.0.5+4ebb5c083e
	- fabric-api-lookup-api-v1 1.6.113+1fb1cde93e
	- fabric-biome-api-v1 17.1.1+4fc5413f3e
	- fabric-block-api-v1 1.1.10+4ebb5c083e
	- fabric-block-view-api-v2 1.0.39+4ebb5c083e
	- fabric-client-gametest-api-v1 4.3.5+bfe9fcf43e
	- fabric-command-api-v2 2.4.7+6b42a6003e
	- fabric-content-registries-v0 10.2.14+4fc5413f3e
	- fabric-convention-tags-v1 2.1.55+7f945d5b3e
	- fabric-convention-tags-v2 2.17.3+8ef948ba3e
	- fabric-crash-report-info-v1 0.3.23+4ebb5c083e
	- fabric-data-attachment-api-v1 1.8.43+1fb1cde93e
	- fabric-data-generation-api-v1 23.3.0+ae1056283e
	- fabric-dimensions-v1 4.0.28+4fc5413f3e
	- fabric-entity-events-v1 3.0.5+4ebb5c083e
	- fabric-events-interaction-v0 4.0.44+1fb1cde93e
	- fabric-game-rule-api-v1 2.0.3+4fc5413f3e
	- fabric-gametest-api-v1 3.1.27+4fc5413f3e
	- fabric-item-api-v1 11.5.20+d0c46b9e3e
	- fabric-item-group-api-v1 4.2.36+4fc5413f3e
	- fabric-key-binding-api-v1 1.1.7+4fc5413f3e
	- fabric-lifecycle-events-v1 2.6.15+4ebb5c083e
	- fabric-loot-api-v2 3.0.73+3f89f5a53e
	- fabric-loot-api-v3 2.0.20+78c8b4663e
	- fabric-message-api-v1 6.1.12+4ebb5c083e
	- fabric-networking-api-v1 5.1.5+ae1e07683e
	- fabric-object-builder-api-v1 21.1.38+4fc5413f3e
	- fabric-particles-v1 4.2.11+4fc5413f3e
	- fabric-recipe-api-v1 8.2.3+4ebb5c083e
	- fabric-registry-sync-v0 6.2.4+4ebb5c083e
	- fabric-rendering-fluids-v1 3.1.43+4ebb5c083e
	- fabric-rendering-v1 16.2.6+1fb1cde93e
	- fabric-resource-conditions-api-v1 5.0.35+4fc5413f3e
	- fabric-resource-loader-v0 3.3.4+4fc5413f3e
	- fabric-resource-loader-v1 1.0.10+78c8b4663e
	- fabric-screen-api-v1 3.1.7+4ebb5c083e
	- fabric-screen-handler-api-v1 1.3.160+4fc5413f3e
	- fabric-serialization-api-v1 1.0.5+4ebb5c083e
	- fabric-sound-api-v1 1.0.51+4fc5413f3e
	- fabric-tag-api-v1 1.2.20+4fc5413f3e
	- fabric-transfer-api-v1 6.0.24+4fc5413f3e
	- fabric-transitive-access-wideners-v1 7.0.8+0107c3da3e
	- fabricloader 0.18.2
	- java 25
	- minecraft 1.21.11
	- mixinextras 0.5.0
	- vivecraft 1.21.11-1.3.7
[13:16:23] [main/INFO] (FabricLoader/Mixin) SpongePowered MIXIN Subsystem Version=0.8.7 Source=file:/C:/Users/ArneL/.gradle/caches/modules-2/files-2.1/net.fabricmc/sponge-mixin/0.16.5+mixin.0.8.7/80fc3a9f592673cea87f4cd702f87991c6c9fe4d/sponge-mixin-0.16.5+mixin.0.8.7.jar Service=Knot/Fabric Env=CLIENT
[13:16:23] [main/INFO] (FabricLoader/Mixin) Loaded Fabric development mappings for mixin remapper!
[13:16:23] [main/INFO] (FabricLoader/Mixin) Compatibility level set to JAVA_21
[13:16:24] [main/INFO] (VivecraftMixin) Vivecraft: applying 'epicfight' fixes
[13:16:24] [main/INFO] (VivecraftMixin) Vivecraft: skipping mixin 'org.vivecraft.mod_compat_vr.epicfight.mixin.EpicFightLocalPlayerVRMixin'
[13:16:24] [main/INFO] (VivecraftMixin) Vivecraft: applying 'modmenu' fixes
[13:16:24] [main/INFO] (VivecraftMixin) Vivecraft: applying 'optifine' fixes
[13:16:24] [main/INFO] (VivecraftMixin) Vivecraft: skipping mixin 'org.vivecraft.mod_compat_vr.optifine.mixin.OptifineDefaultVertexFormatMixin'
[13:16:24] [main/INFO] (VivecraftMixin) Vivecraft: skipping mixin 'org.vivecraft.mod_compat_vr.optifine.mixin.OptifineLiquidBlockRendererMixin'
[13:16:24] [main/INFO] (VivecraftMixin) Vivecraft: skipping mixin 'org.vivecraft.mod_compat_vr.optifine.mixin.OptifineModelBlockRendererMixin'
[13:16:24] [main/INFO] (VivecraftMixin) Vivecraft: applying 'sodium' fixes
[13:16:25] [main/INFO] (FabricLoader/MixinExtras|Service) Initializing MixinExtras via com.llamalad7.mixinextras.service.MixinExtrasServiceImpl(version=0.5.0).
[13:16:25] [Datafixer Bootstrap/INFO] (Minecraft) 287 Datafixer optimizations took 305 milliseconds
[13:16:30] [Render thread/INFO] (Minecraft) Environment: Environment[sessionHost=https://sessionserver.mojang.com, servicesHost=https://api.minecraftservices.com, profilesHost=https://api.mojang.com, name=PROD]
[13:16:30] [Render thread/INFO] (Minecraft) Setting user: Player717
[13:16:30] [Download-2/ERROR] (Minecraft) Failed to fetch user properties
com.mojang.authlib.exceptions.InvalidCredentialsException: Status: 401
	at knot//com.mojang.authlib.exceptions.MinecraftClientHttpException.toAuthenticationException(MinecraftClientHttpException.java:59)
	at knot//com.mojang.authlib.yggdrasil.YggdrasilUserApiService.fetchProperties(YggdrasilUserApiService.java:150)
	at knot//net.minecraft.client.Minecraft.method_55608(Minecraft.java:457)
	at java.base/java.util.concurrent.CompletableFuture$AsyncSupply.run(CompletableFuture.java:1789)
	at java.base/java.util.concurrent.ThreadPoolExecutor.runWorker(ThreadPoolExecutor.java:1090)
	at java.base/java.util.concurrent.ThreadPoolExecutor$Worker.run(ThreadPoolExecutor.java:614)
	at java.base/java.lang.Thread.run(Thread.java:1474)
Caused by: com.mojang.authlib.exceptions.MinecraftClientHttpException: Status: 401
	at knot//com.mojang.authlib.minecraft.client.MinecraftClient.readInputStream(MinecraftClient.java:103)
	at knot//com.mojang.authlib.minecraft.client.MinecraftClient.get(MinecraftClient.java:56)
	at knot//com.mojang.authlib.yggdrasil.YggdrasilUserApiService.fetchProperties(YggdrasilUserApiService.java:121)
	... 5 more
[13:16:31] [Render thread/INFO] (Minecraft) Backend library: LWJGL version 3.4.1-snapshot
[13:16:31] [Render thread/WARN] (Minecraft) Detected unexpected shutdown during last game startup: resetting fullscreen mode
[13:16:32] [Render thread/INFO] (Minecraft) Using optional rendering extensions: GL_ARB_buffer_storage, GL_KHR_debug, GL_ARB_vertex_attrib_binding, GL_ARB_direct_state_access, GL_EXT_texture_filter_anisotropic
[13:16:32] [VivecraftUpdateThread/INFO] (Vivecraft) Vivecraft: Checking for Updates
[13:16:33] [Render thread/INFO] (Minecraft) Reloading ResourceManager: vanilla, fabric-api, fabric-api-base, fabric-api-lookup-api-v1, fabric-biome-api-v1, fabric-block-api-v1, fabric-block-view-api-v2, fabric-client-gametest-api-v1, fabric-command-api-v2, fabric-content-registries-v0, fabric-convention-tags-v1, fabric-convention-tags-v2, fabric-crash-report-info-v1, fabric-data-attachment-api-v1, fabric-data-generation-api-v1, fabric-dimensions-v1, fabric-entity-events-v1, fabric-events-interaction-v0, fabric-game-rule-api-v1, fabric-gametest-api-v1, fabric-item-api-v1, fabric-item-group-api-v1, fabric-key-binding-api-v1, fabric-lifecycle-events-v1, fabric-loot-api-v2, fabric-loot-api-v3, fabric-message-api-v1, fabric-networking-api-v1, fabric-object-builder-api-v1, fabric-particles-v1, fabric-recipe-api-v1, fabric-registry-sync-v0, fabric-rendering-fluids-v1, fabric-rendering-v1, fabric-resource-conditions-api-v1, fabric-resource-loader-v0, fabric-resource-loader-v1, fabric-screen-api-v1, fabric-screen-handler-api-v1, fabric-serialization-api-v1, fabric-sound-api-v1, fabric-tag-api-v1, fabric-transfer-api-v1, fabric-transitive-access-wideners-v1, fabricloader, vivecraft
[13:16:33] [Render thread/WARN] (ResourceLoaderImpl) The resource reloader at org.vivecraft.client_vr.ReloadListener does not use identifiable registration making ordering support more difficult for other modders.
[13:16:33] [Download-2/INFO] (Minecraft) Could not authorize you against Realms server: java.lang.RuntimeException: Failed to parse into SignedJWT: FabricMC
[13:16:33] [Download-2/ERROR] (Minecraft) Failed to fetch Realms feature flags
com.mojang.realmsclient.exception.RealmsServiceException: Realms authentication error with message 'java.lang.RuntimeException: Failed to parse into SignedJWT: FabricMC'
	at knot//com.mojang.realmsclient.client.RealmsClient.execute(RealmsClient.java:526)
	at knot//com.mojang.realmsclient.client.RealmsClient.fetchFeatureFlags(RealmsClient.java:186)
	at java.base/java.util.concurrent.CompletableFuture$AsyncSupply.run(CompletableFuture.java:1789)
	at java.base/java.util.concurrent.ThreadPoolExecutor.runWorker(ThreadPoolExecutor.java:1090)
	at java.base/java.util.concurrent.ThreadPoolExecutor$Worker.run(ThreadPoolExecutor.java:614)
	at java.base/java.lang.Thread.run(Thread.java:1474)
[13:16:33] [Worker-Main-8/INFO] (Minecraft) Found unifont_pua-17.0.01.hex, loading
[13:16:33] [Worker-Main-7/INFO] (Minecraft) Found unifont_all_no_pua-17.0.01.hex, loading
[13:16:33] [Worker-Main-13/INFO] (Minecraft) Found unifont_jp_patch-17.0.01.hex, loading
[13:16:34] [Worker-Main-1/WARN] (Minecraft) Missing texture references in model vivecraft:item/spyglass_in_hand:
    particle
[13:16:34] [Worker-Main-1/WARN] (Minecraft) Missing texture references in model vivecraft:item/climb_claws:
    particle
[13:16:34] [Render thread/INFO] (Minecraft) OpenAL initialized on device OpenAL Soft on Hoofdtelefoon (H1)
[13:16:34] [Render thread/INFO] (Minecraft) Sound engine started
[13:16:34] [Render thread/INFO] (Minecraft) Created: 512x256x0 minecraft:textures/atlas/particles.png-atlas
[13:16:34] [Render thread/INFO] (Minecraft) Created: 128x128x0 minecraft:textures/atlas/decorated_pot.png-atlas
[13:16:34] [Render thread/INFO] (Minecraft) Created: 2048x1024x0 minecraft:textures/atlas/armor_trims.png-atlas
[13:16:34] [Render thread/INFO] (Minecraft) Created: 512x256x0 minecraft:textures/atlas/paintings.png-atlas
[13:16:34] [Render thread/INFO] (Minecraft) Created: 1024x512x0 minecraft:textures/atlas/shield_patterns.png-atlas
[13:16:34] [Render thread/INFO] (Minecraft) Created: 2048x2048x4 minecraft:textures/atlas/blocks.png-atlas
[13:16:34] [Render thread/INFO] (Minecraft) Created: 512x512x0 minecraft:textures/atlas/chest.png-atlas
[13:16:34] [Render thread/INFO] (Minecraft) Created: 256x128x0 minecraft:textures/atlas/celestials.png-atlas
[13:16:34] [Render thread/INFO] (Minecraft) Created: 1024x512x0 minecraft:textures/atlas/banner_patterns.png-atlas
[13:16:34] [Render thread/INFO] (Minecraft) Created: 512x512x0 minecraft:textures/atlas/beds.png-atlas
[13:16:34] [Render thread/INFO] (Minecraft) Created: 1024x512x0 minecraft:textures/atlas/items.png-atlas
[13:16:34] [Render thread/INFO] (Minecraft) Created: 1024x1024x0 minecraft:textures/atlas/gui.png-atlas
[13:16:34] [Render thread/INFO] (Minecraft) Created: 128x64x0 minecraft:textures/atlas/map_decorations.png-atlas
[13:16:34] [Render thread/INFO] (Minecraft) Created: 512x256x0 minecraft:textures/atlas/signs.png-atlas
[13:16:34] [Render thread/INFO] (Minecraft) Created: 512x512x0 minecraft:textures/atlas/shulker_boxes.png-atlas
[13:16:35] [Render thread/INFO] (Vivecraft) Vivecraft: Optifine not detected
[13:16:40] [IO-Worker-1/INFO] (Minecraft) Could not authorize you against Realms server: java.lang.RuntimeException: Failed to parse into SignedJWT: FabricMC
[13:16:40] [IO-Worker-1/ERROR] (Minecraft) Couldn't connect to realms
com.mojang.realmsclient.exception.RealmsServiceException: Realms authentication error with message 'java.lang.RuntimeException: Failed to parse into SignedJWT: FabricMC'
	at knot//com.mojang.realmsclient.client.RealmsClient.execute(RealmsClient.java:526)
	at knot//com.mojang.realmsclient.client.RealmsClient.clientCompatible(RealmsClient.java:307)
	at knot//com.mojang.realmsclient.RealmsAvailability.method_52627(RealmsAvailability.java:48)
	at java.base/java.util.concurrent.CompletableFuture$AsyncSupply.run(CompletableFuture.java:1789)
	at java.base/java.util.concurrent.ThreadPoolExecutor.runWorker(ThreadPoolExecutor.java:1090)
	at java.base/java.util.concurrent.ThreadPoolExecutor$Worker.run(ThreadPoolExecutor.java:614)
	at java.base/java.lang.Thread.run(Thread.java:1474)
[13:17:04] [Render thread/INFO] (Minecraft) Loaded 1472 recipes
[13:17:04] [Render thread/INFO] (Minecraft) Loaded 1584 advancements
[13:17:06] [Render thread/INFO] (Minecraft) Resizing Dynamic Transforms UBO, capacity limit of 2 reached during a single frame. New capacity will be 4.
[13:17:06] [Render thread/INFO] (BiomeModificationImpl) Applied 0 biome modifications to 0 of 65 new biomes in 829.1 μs
[13:17:06] [Server thread/INFO] (Minecraft) Starting integrated minecraft server version 1.21.11
[13:17:06] [Server thread/INFO] (Minecraft) Generating keypair
[13:17:07] [Server thread/INFO] (Minecraft) Selecting global world spawn...
[13:17:09] [Server thread/INFO] (Minecraft) Loading 0 persistent chunks...
[13:17:09] [Server thread/INFO] (Minecraft) Preparing spawn area: 16%
[13:17:09] [Server thread/INFO] (Minecraft) Loading 47 chunks for player spawn...
[13:17:09] [Server thread/INFO] (Minecraft) Preparing spawn area: 16%
[13:17:09] [Server thread/INFO] (Minecraft) Preparing spawn area: 16%
[13:17:10] [Server thread/INFO] (Minecraft) Preparing spawn area: 16%
[13:17:10] [Server thread/INFO] (Minecraft) Preparing spawn area: 16%
[13:17:10] [Server thread/INFO] (Minecraft) Preparing spawn area: 16%
[13:17:10] [Server thread/INFO] (Minecraft) Preparing spawn area: 16%
[13:17:10] [Server thread/INFO] (Minecraft) Preparing spawn area: 16%
[13:17:11] [Server thread/INFO] (Minecraft) Preparing spawn area: 24%
[13:17:11] [Server thread/INFO] (Minecraft) Preparing spawn area: 29%
[13:17:12] [Server thread/INFO] (Minecraft) Preparing spawn area: 29%
[13:17:12] [Server thread/INFO] (Minecraft) Preparing spawn area: 57%
[13:17:12] [Server thread/INFO] (Minecraft) Time elapsed: 5850 ms
[13:17:13] [Server thread/INFO] (Minecraft) Player717[local:E:95035e42] logged in with entity id 33 at (-6.5, 67.0, -5.5)
[13:17:13] [Server thread/INFO] (Minecraft) Player717 joined the game
[13:17:13] [Server thread/INFO] (Minecraft) Changing view distance to 16, from 10
[13:17:13] [Server thread/INFO] (Minecraft) Changing simulation distance to 12, from 0
[13:17:13] [Render thread/INFO] (Minecraft) Resizing Dynamic Transforms UBO, capacity limit of 4 reached during a single frame. New capacity will be 8.
[13:17:13] [Render thread/INFO] (Minecraft) Loaded 2 advancements
[13:17:13] [Render thread/INFO] (Minecraft) Resizing Chunk Sections UBO, capacity limit of 2 reached during a single frame. New capacity will be 4.
[13:17:13] [Render thread/INFO] (Minecraft) Resizing Chunk Sections UBO, capacity limit of 4 reached during a single frame. New capacity will be 8.
[13:17:13] [Render thread/INFO] (Minecraft) Resizing Chunk Sections UBO, capacity limit of 8 reached during a single frame. New capacity will be 16.
[13:17:14] [IO-Worker-5/ERROR] (Minecraft) Caught exception in thread Thread[#103,IO-Worker-5,10,main]
java.lang.NoSuchMethodError: 'int org.lwjgl.stb.STBImageResize.nstbir_resize_uint8(long, int, int, int, long, int, int, int, int)'
	at knot//com.mojang.blaze3d.platform.NativeImage.resizeSubRectTo(NativeImage.java:458)
	at knot//net.minecraft.client.renderer.GameRenderer.method_3181(GameRenderer.java:680)
	at java.base/java.util.concurrent.ThreadPoolExecutor.runWorker(ThreadPoolExecutor.java:1090)
	at java.base/java.util.concurrent.ThreadPoolExecutor$Worker.run(ThreadPoolExecutor.java:614)
	at java.base/java.lang.Thread.run(Thread.java:1474)
[13:17:14] [Render thread/INFO] (Minecraft) Resizing Chunk Sections UBO, capacity limit of 16 reached during a single frame. New capacity will be 32.
[13:17:14] [Render thread/INFO] (Minecraft) Resizing Dynamic Transforms UBO, capacity limit of 8 reached during a single frame. New capacity will be 16.
[13:17:15] [Render thread/INFO] (Minecraft) Resizing Chunk Sections UBO, capacity limit of 32 reached during a single frame. New capacity will be 64.
[13:17:16] [IO-Worker-2/ERROR] (Minecraft) Caught exception in thread Thread[#97,IO-Worker-2,10,main]
java.lang.NoSuchMethodError: 'int org.lwjgl.stb.STBImageResize.nstbir_resize_uint8(long, int, int, int, long, int, int, int, int)'
	at knot//com.mojang.blaze3d.platform.NativeImage.resizeSubRectTo(NativeImage.java:458)
	at knot//net.minecraft.client.renderer.GameRenderer.method_3181(GameRenderer.java:680)
	at java.base/java.util.concurrent.ThreadPoolExecutor.runWorker(ThreadPoolExecutor.java:1090)
	at java.base/java.util.concurrent.ThreadPoolExecutor$Worker.run(ThreadPoolExecutor.java:614)
	at java.base/java.lang.Thread.run(Thread.java:1474)
[13:17:16] [Render thread/INFO] (Minecraft) Resizing Chunk Sections UBO, capacity limit of 64 reached during a single frame. New capacity will be 128.
[13:17:17] [IO-Worker-1/ERROR] (Minecraft) Caught exception in thread Thread[#95,IO-Worker-1,10,main]
java.lang.NoSuchMethodError: 'int org.lwjgl.stb.STBImageResize.nstbir_resize_uint8(long, int, int, int, long, int, int, int, int)'
	at knot//com.mojang.blaze3d.platform.NativeImage.resizeSubRectTo(NativeImage.java:458)
	at knot//net.minecraft.client.renderer.GameRenderer.method_3181(GameRenderer.java:680)
	at java.base/java.util.concurrent.ThreadPoolExecutor.runWorker(ThreadPoolExecutor.java:1090)
	at java.base/java.util.concurrent.ThreadPoolExecutor$Worker.run(ThreadPoolExecutor.java:614)
	at java.base/java.lang.Thread.run(Thread.java:1474)
[13:17:18] [IO-Worker-8/ERROR] (Minecraft) Caught exception in thread Thread[#114,IO-Worker-8,10,main]
java.lang.NoSuchMethodError: 'int org.lwjgl.stb.STBImageResize.nstbir_resize_uint8(long, int, int, int, long, int, int, int, int)'
	at knot//com.mojang.blaze3d.platform.NativeImage.resizeSubRectTo(NativeImage.java:458)
	at knot//net.minecraft.client.renderer.GameRenderer.method_3181(GameRenderer.java:680)
	at java.base/java.util.concurrent.ThreadPoolExecutor.runWorker(ThreadPoolExecutor.java:1090)
	at java.base/java.util.concurrent.ThreadPoolExecutor$Worker.run(ThreadPoolExecutor.java:614)
	at java.base/java.lang.Thread.run(Thread.java:1474)
[13:17:19] [IO-Worker-9/ERROR] (Minecraft) Caught exception in thread Thread[#115,IO-Worker-9,10,main]
java.lang.NoSuchMethodError: 'int org.lwjgl.stb.STBImageResize.nstbir_resize_uint8(long, int, int, int, long, int, int, int, int)'
	at knot//com.mojang.blaze3d.platform.NativeImage.resizeSubRectTo(NativeImage.java:458)
	at knot//net.minecraft.client.renderer.GameRenderer.method_3181(GameRenderer.java:680)
	at java.base/java.util.concurrent.ThreadPoolExecutor.runWorker(ThreadPoolExecutor.java:1090)
	at java.base/java.util.concurrent.ThreadPoolExecutor$Worker.run(ThreadPoolExecutor.java:614)
	at java.base/java.lang.Thread.run(Thread.java:1474)
[13:17:19] [Render thread/INFO] (Minecraft) Resizing Chunk Sections UBO, capacity limit of 128 reached during a single frame. New capacity will be 256.
[13:17:20] [IO-Worker-10/ERROR] (Minecraft) Caught exception in thread Thread[#116,IO-Worker-10,10,main]
java.lang.NoSuchMethodError: 'int org.lwjgl.stb.STBImageResize.nstbir_resize_uint8(long, int, int, int, long, int, int, int, int)'
	at knot//com.mojang.blaze3d.platform.NativeImage.resizeSubRectTo(NativeImage.java:458)
	at knot//net.minecraft.client.renderer.GameRenderer.method_3181(GameRenderer.java:680)
	at java.base/java.util.concurrent.ThreadPoolExecutor.runWorker(ThreadPoolExecutor.java:1090)
	at java.base/java.util.concurrent.ThreadPoolExecutor$Worker.run(ThreadPoolExecutor.java:614)
	at java.base/java.lang.Thread.run(Thread.java:1474)
[13:17:21] [IO-Worker-3/ERROR] (Minecraft) Caught exception in thread Thread[#102,IO-Worker-3,10,main]
java.lang.NoSuchMethodError: 'int org.lwjgl.stb.STBImageResize.nstbir_resize_uint8(long, int, int, int, long, int, int, int, int)'
	at knot//com.mojang.blaze3d.platform.NativeImage.resizeSubRectTo(NativeImage.java:458)
	at knot//net.minecraft.client.renderer.GameRenderer.method_3181(GameRenderer.java:680)
	at java.base/java.util.concurrent.ThreadPoolExecutor.runWorker(ThreadPoolExecutor.java:1090)
	at java.base/java.util.concurrent.ThreadPoolExecutor$Worker.run(ThreadPoolExecutor.java:614)
	at java.base/java.lang.Thread.run(Thread.java:1474)
[13:17:22] [Server thread/INFO] (Minecraft) Saving and pausing game...
[13:17:22] [Server thread/INFO] (Minecraft) Saving chunks for level 'ServerLevel[New World]'/minecraft:overworld
[13:17:22] [Server thread/INFO] (Minecraft) Saving chunks for level 'ServerLevel[New World]'/minecraft:the_end
[13:17:22] [Server thread/INFO] (Minecraft) Saving chunks for level 'ServerLevel[New World]'/minecraft:the_nether
[13:17:22] [IO-Worker-15/ERROR] (Minecraft) Caught exception in thread Thread[#121,IO-Worker-15,8,main]
java.lang.NoSuchMethodError: 'int org.lwjgl.stb.STBImageResize.nstbir_resize_uint8(long, int, int, int, long, int, int, int, int)'
	at knot//com.mojang.blaze3d.platform.NativeImage.resizeSubRectTo(NativeImage.java:458)
	at knot//net.minecraft.client.renderer.GameRenderer.method_3181(GameRenderer.java:680)
	at java.base/java.util.concurrent.ThreadPoolExecutor.runWorker(ThreadPoolExecutor.java:1090)
	at java.base/java.util.concurrent.ThreadPoolExecutor$Worker.run(ThreadPoolExecutor.java:614)
	at java.base/java.lang.Thread.run(Thread.java:1474)
[13:17:23] [IO-Worker-11/ERROR] (Minecraft) Caught exception in thread Thread[#117,IO-Worker-11,10,main]
java.lang.NoSuchMethodError: 'int org.lwjgl.stb.STBImageResize.nstbir_resize_uint8(long, int, int, int, long, int, int, int, int)'
	at knot//com.mojang.blaze3d.platform.NativeImage.resizeSubRectTo(NativeImage.java:458)
	at knot//net.minecraft.client.renderer.GameRenderer.method_3181(GameRenderer.java:680)
	at java.base/java.util.concurrent.ThreadPoolExecutor.runWorker(ThreadPoolExecutor.java:1090)
	at java.base/java.util.concurrent.ThreadPoolExecutor$Worker.run(ThreadPoolExecutor.java:614)
	at java.base/java.lang.Thread.run(Thread.java:1474)
[13:17:24] [IO-Worker-16/ERROR] (Minecraft) Caught exception in thread Thread[#122,IO-Worker-16,8,main]
java.lang.NoSuchMethodError: 'int org.lwjgl.stb.STBImageResize.nstbir_resize_uint8(long, int, int, int, long, int, int, int, int)'
	at knot//com.mojang.blaze3d.platform.NativeImage.resizeSubRectTo(NativeImage.java:458)
	at knot//net.minecraft.client.renderer.GameRenderer.method_3181(GameRenderer.java:680)
	at java.base/java.util.concurrent.ThreadPoolExecutor.runWorker(ThreadPoolExecutor.java:1090)
	at java.base/java.util.concurrent.ThreadPoolExecutor$Worker.run(ThreadPoolExecutor.java:614)
	at java.base/java.lang.Thread.run(Thread.java:1474)
[13:17:25] [Render thread/INFO] (Minecraft) Stopping!
[13:17:25] [Server thread/INFO] (Minecraft) Player717 lost connection: Disconnected
[13:17:25] [Server thread/INFO] (Minecraft) Player717 left the game
[13:17:25] [Server thread/INFO] (Minecraft) Stopping singleplayer server as player logged out
[13:17:25] [Server thread/INFO] (Minecraft) Stopping server
[13:17:25] [Server thread/INFO] (Minecraft) Saving players
[13:17:25] [Server thread/INFO] (Minecraft) Saving worlds
[13:17:25] [Server thread/INFO] (Minecraft) Saving chunks for level 'ServerLevel[New World]'/minecraft:overworld
[13:17:27] [Server thread/INFO] (Minecraft) Saving chunks for level 'ServerLevel[New World]'/minecraft:the_end
[13:17:27] [Server thread/INFO] (Minecraft) Saving chunks for level 'ServerLevel[New World]'/minecraft:the_nether
[13:17:27] [Server thread/INFO] (Minecraft) ThreadedAnvilChunkStorage (New World): All chunks are saved
[13:17:27] [Server thread/INFO] (Minecraft) ThreadedAnvilChunkStorage (DIM1): All chunks are saved
[13:17:27] [Server thread/INFO] (Minecraft) ThreadedAnvilChunkStorage (DIM-1): All chunks are saved
[13:17:27] [Server thread/INFO] (Minecraft) ThreadedAnvilChunkStorage: All dimensions are saved
